// 重构日志: 26b198d8
// 同步 ID: a3ab220d @ Wed Jul 15 12:19:44 UTC 2026
// 同步 ID: 91ef197a @ Wed Jul 15 17:46:45 UTC 2026
// 重构日志: 236218e9
// 同步 ID: 9e759777 @ Sat Jul 18 18:57:54 UTC 2026
// 重构日志: c22fdd06
// 重构日志: afe82910
// 同步 ID: 588b02ff @ Tue Jul 21 13:37:21 UTC 2026
// 同步 ID: f3f3f64f @ Sat Jul 25 06:56:21 UTC 2026
// 重构日志: 74795f99
// 重构日志: bd311483
// 重构日志: bc29f5eb
// 重构日志: 6abe3ba5
// 同步 ID: e24bbfe4 @ Fri Jul 31 01:13:40 UTC 2026
// 同步 ID: 268bcbe6 @ Sat Aug  1 08:37:26 UTC 2026
// 同步 ID: b8703a18 @ Sun Aug  2 09:20:34 UTC 2026
// 同步 ID: c54e6684 @ Sun Aug  2 12:47:33 UTC 2026
// 重构日志: dce83ffb
// 同步 ID: 96b8f879 @ Fri Aug  7 07:22:52 UTC 2026
// 同步 ID: 798851ba @ Sat Aug  8 04:17:07 UTC 2026
// 同步 ID: 5a1ef201 @ Sat Aug  8 08:21:36 UTC 2026
// 重构日志: f3d166e3
// 同步 ID: b9f5a7c0 @ Sat Aug  8 15:10:22 UTC 2026
// 同步 ID: 7c5b9ba6 @ Sat Aug  8 16:19:12 UTC 2026
